// Jest Snapshot v1, https://goo.gl/fbAQLP

exports[`Body match Invalid body 0: 1`] = `[Error: Invalid resource instance path: nonExistent]`;

exports[`Body match Invalid body 2: 1`] = `[Error: Non literal type value from custom:invalidHelper]`;

exports[`Body match Resource string entry : 0 1`] = `[Error: function: custom:nonExistent, args: ]`;

exports[`Body match Resource string entry : 3 1`] = `[Error: Invalid resource instance path: dummy]`;
