// Jest Snapshot v1, https://goo.gl/fbAQLP

exports[`Body generation Invalid body generation: 0 1`] = `[Error: function: custom:lorem.ipsum, args: ]`;

exports[`Body generation Invalid body generation: 1 1`] = `[Error: Non literal type value from custom:invalidHelper]`;
