// Jest Snapshot v1, https://goo.gl/fbAQLP

exports[`Faker literal generation Valid faker: 0 1`] = `"\\"67242-657\\""`;

exports[`Faker literal generation Valid faker: 1 1`] = `"chester"`;

exports[`Faker literal generation Valid faker: 2 1`] = `"Satterfield Meadows"`;

exports[`Faker literal generation Valid faker: 3 1`] = `"465 Hudson Manors"`;

exports[`Faker literal generation Valid faker: 4 1`] = `"b"`;

exports[`Faker literal generation Valid faker: 5 1`] = `"Berkshire"`;

exports[`Faker literal generation Valid faker: 6 1`] = `"MW"`;

exports[`Faker literal generation Valid faker: 7 1`] = `"Oregon"`;

exports[`Faker literal generation Valid faker: 8 1`] = `"Incredible"`;

exports[`Faker literal generation Valid faker: 9 1`] = `"Table"`;

exports[`Faker literal generation Valid faker: 10 1`] = `"24/7 streamline infomediaries"`;

exports[`Faker literal generation Valid faker: 11 1`] = `"Integrated"`;

exports[`Faker literal generation Valid faker: 12 1`] = `"maximized"`;

exports[`Faker literal generation Valid faker: 13 1`] = `"mindshare"`;

exports[`Faker literal generation Valid faker: 14 1`] = `"ascii_general_ci"`;

exports[`Faker literal generation Valid faker: 15 1`] = `"14105754"`;

exports[`Faker literal generation Valid faker: 16 1`] = `"calculate"`;

exports[`Faker literal generation Valid faker: 17 1`] = `"http://lorempixel.com/640/480/cats"`;

exports[`Faker literal generation Valid faker: 18 1`] = `"https://s3.amazonaws.com/uifaces/faces/twitter/sweetdelisa/128.jpg"`;

exports[`Faker literal generation Valid faker: 19 1`] = `"http://lorempixel.com/200/200/cats"`;

exports[`Faker literal generation Valid faker: 20 1`] = `"FirstName_LastName"`;

exports[`Faker literal generation Valid faker: 21 1`] = `"https://leonor.info"`;

exports[`Faker literal generation Valid faker: 22 1`] = `"quisquam"`;

exports[`Faker literal generation Valid faker: 23 1`] = `"Quia expedita commodi autem tempora ut."`;

exports[`Faker literal generation Valid faker: 24 1`] = `"exercitationem-doloribus-harum-voluptas"`;

exports[`Faker literal generation Valid faker: 25 1`] = `"Et accusantium et quia quos sequi molestiae beatae enim. Molestiae placeat saepe eligendi rerum excepturi et laudantium fuga similique. Corporis voluptatem dolores."`;

exports[`Faker literal generation Valid faker: 26 1`] = `"Harvey"`;

exports[`Faker literal generation Valid faker: 27 1`] = `"Parker"`;

exports[`Faker literal generation Valid faker: 28 1`] = `0.9`;

exports[`Faker literal generation Valid faker: 29 1`] = `"Configurable Berkshire Manager"`;

exports[`Faker literal generation Valid faker: 30 1`] = `"5.4.6"`;
