// Jest Snapshot v1, https://goo.gl/fbAQLP

exports[`Post method Description: 0 PATCH;;0;;/student;;DESTRUCTIVE 1`] = `[Error: Did not find a destructive body description. Cannot make destrcutive post request]`;
