// Jest Snapshot v1, https://goo.gl/fbAQLP

exports[`Patching non existing resource Description: 0 PATCH;;0;;/student;;POSITIVE 1`] = `[Error: Cannot update non existing resource in collection]`;
